[ ERROR ] Suite 'eCommerceWebsite' contains no tests in suite 'Tests.eCommerceWebsite'.

Try --help for usage information.
